Archive member included to satisfy reference by file (symbol)

./build/open_esplibs_libmain.a(ets_timer.o)
                              (--whole-archive)
./build/open_esplibs_libmain.a(misc.o)
                              (--whole-archive)
./build/open_esplibs_libmain.a(os_cpu_a.o)
                              (--whole-archive)
./build/open_esplibs_libmain.a(spi_flash.o)
                              (--whole-archive)
./build/open_esplibs_libmain.a(timers.o)
                              (--whole-archive)
./build/open_esplibs_libmain.a(uart.o)
                              (--whole-archive)
./build/open_esplibs_libmain.a(user_interface.o)
                              (--whole-archive)
./build/open_esplibs_libmain.a(xtensa_context.o)
                              (--whole-archive)
./build/open_esplibs_libnet80211.a(ieee80211_ets.o)
                              (--whole-archive)
./build/open_esplibs_libnet80211.a(ieee80211_hostap.o)
                              (--whole-archive)
./build/open_esplibs_libnet80211.a(ieee80211_input.o)
                              (--whole-archive)
./build/open_esplibs_libnet80211.a(ieee80211_sta.o)
                              (--whole-archive)
./build/open_esplibs_libnet80211.a(wl_cnx.o)
                              (--whole-archive)
./build/open_esplibs_libphy.a(phy.o)
                              (--whole-archive)
./build/open_esplibs_libphy.a(phy_chip_v6.o)
                              (--whole-archive)
./build/open_esplibs_libphy.a(phy_sleep.o)
                              (--whole-archive)
./build/open_esplibs_libpp.a(esf_buf.o)
                              (--whole-archive)
./build/open_esplibs_libpp.a(if_hwctrl.o)
                              (--whole-archive)
./build/open_esplibs_libpp.a(lmac.o)
                              (--whole-archive)
./build/open_esplibs_libpp.a(pm.o)
                              (--whole-archive)
./build/open_esplibs_libpp.a(pp.o)
                              (--whole-archive)
./build/open_esplibs_libpp.a(wdev.o)
                              (--whole-archive)
./build/open_esplibs_libwpa.a(os_xtensa.o)
                              (--whole-archive)
./build/open_esplibs_libwpa.a(wpa_main.o)
                              (--whole-archive)
./build/freertos.a(tasks.o)   ./build/open_esplibs_libmain.a(os_cpu_a.o) (pxCurrentTCB)
./build/freertos.a(timers.o)  ./build/freertos.a(tasks.o) (xTimerCreateTimerTask)
./build/freertos.a(port.o)    ./build/freertos.a(tasks.o) (vAssertCalled)
./build/freertos.a(list.o)    ./build/freertos.a(tasks.o) (vListInitialise)
./build/freertos.a(queue.o)   ./build/freertos.a(timers.o) (xQueueGenericCreate)
./build/lwip.a(esp_interface.o)
                              ./build/open_esplibs_libnet80211.a(ieee80211_input.o) (ethernetif_input)
./build/lwip.a(tcpip.o)       ./build/open_esplibs_libnet80211.a(ieee80211_hostap.o) (tcpip_input)
./build/lwip.a(def.o)         ./build/lwip.a(esp_interface.o) (lwip_htons)
./build/lwip.a(init.o)        ./build/lwip.a(tcpip.o) (lwip_init)
./build/lwip.a(mem.o)         ./build/lwip.a(init.o) (mem_init)
./build/lwip.a(memp.o)        ./build/lwip.a(init.o) (memp_init)
./build/lwip.a(netif.o)       ./build/lwip.a(init.o) (netif_init)
./build/lwip.a(pbuf.o)        ./build/open_esplibs_libnet80211.a(ieee80211_input.o) (pbuf_alloc_reference)
./build/lwip.a(tcp.o)         ./build/lwip.a(init.o) (tcp_init)
./build/lwip.a(tcp_in.o)      ./build/lwip.a(tcp.o) (tcp_input_pcb)
./build/lwip.a(tcp_out.o)     ./build/lwip.a(tcp.o) (tcp_enqueue_flags)
./build/lwip.a(timeouts.o)    ./build/lwip.a(tcp.o) (tcp_timer_needed)
./build/lwip.a(udp.o)         ./build/lwip.a(init.o) (udp_init)
./build/lwip.a(dhcp.o)        ./build/lwip.a(netif.o) (dhcp_network_changed)
./build/lwip.a(etharp.o)      ./build/lwip.a(netif.o) (etharp_cleanup_netif)
./build/lwip.a(icmp.o)        ./build/lwip.a(udp.o) (icmp_dest_unreach)
./build/lwip.a(igmp.o)        ./build/lwip.a(init.o) (igmp_init)
./build/lwip.a(ip4_addr.o)    ./build/lwip.a(tcp_in.o) (ip4_addr_isbroadcast_u32)
./build/lwip.a(ip4.o)         ./build/lwip.a(tcp.o) (ip4_route)
./build/lwip.a(ip4_frag.o)    ./build/lwip.a(timeouts.o) (ip_reass_tmr)
./build/lwip.a(ethernet.o)    ./build/lwip.a(etharp.o) (ethbroadcast)
./build/lwip.a(sys_arch.o)    ./build/lwip.a(tcpip.o) (sys_mutex_new)
./build/lwip.a(dns.o)         ./build/lwip.a(init.o) (dns_init)
./build/lwip.a(inet_chksum.o)
                              ./build/lwip.a(tcp_in.o) (ip_chksum_pseudo)
./build/lwip.a(ip.o)          ./build/lwip.a(tcp_in.o) (ip_data)
./build/core.a(app_main.o)    ./build/open_esplibs_libmain.a(user_interface.o) (sdk_user_init_flag)
./build/core.a(debug_dumps.o)
                              ./build/freertos.a(port.o) (abort)
./build/core.a(esp_hwrand.o)  ./build/lwip.a(tcp.o) (hwrand)
./build/core.a(esp_interrupts.o)
                              ./build/open_esplibs_libmain.a(ets_timer.o) (_xt_isr_attach)
[...]
Memory Configuration

Name             Origin             Length             Attributes
dport0_0_seg     0x000000003ff00000 0x0000000000000010
dram0_0_seg      0x000000003ffe8000 0x0000000000014000
iram1_0_seg      0x0000000040100000 0x0000000000008000
irom0_0_seg      0x0000000040202010 0x00000000000fdff0
*default*        0x0000000000000000 0xffffffffffffffff

Linker script and memory map

LOAD ./build/open_esplibs_libmain.a
LOAD ./build/open_esplibs_libnet80211.a
LOAD ./build/open_esplibs_libphy.a
LOAD ./build/open_esplibs_libpp.a
LOAD ./build/open_esplibs_libwpa.a
START GROUP
LOAD ./build/program.a
LOAD ./build/paho_mqtt_c.a
LOAD ./build/mbedtls.a
LOAD ./build/jsmn.a
LOAD ./build/freertos.a
LOAD ./build/lwip.a
LOAD ./build/core.a
LOAD ./build/open_esplibs.a
LOAD ./build/libgcc.a
LOAD ./build/libc.a
LOAD /home/john/esp-open-sdk/xtensa-lx106-elf/xtensa-lx106-elf/sysroot/usr/lib/libhal.a
LOAD ./build/sdklib/libmain.a
LOAD ./build/sdklib/libnet80211.a
LOAD ./build/sdklib/libphy.a
LOAD ./build/sdklib/libpp.a
LOAD ./build/sdklib/libwpa.a
END GROUP
                0x00000000401058a0                pvPortMalloc = malloc
                0x00000000401058bc                vPortFree = free
                0x0000000040100d7c                _lock_acquire = vPortEnterCritical
                0x0000000040100d7c                _lock_acquire_recursive = vPortEnterCritical
                0x0000000040100d7c                _lock_try_acquire = vPortEnterCritical
                0x0000000040100d7c                _lock_try_acquire_recursive = vPortEnterCritical
                0x0000000040100da4                _lock_release = vPortExitCritical
                0x0000000040100da4                _lock_release_recursive = vPortExitCritical
                0x0000000040105be0                ets_printf = printf
                [!provide]                        PROVIDE (_memmap_vecbase_reset, 0x40000000)
                0x0000000000000110                _memmap_cacheattr_wb_base = 0x110
                0x0000000000000110                _memmap_cacheattr_wt_base = 0x110
                0x0000000000000220                _memmap_cacheattr_bp_base = 0x220
                0x00000000fffff00f                _memmap_cacheattr_unused_mask = 0xfffff00f
                0x000000002222211f                _memmap_cacheattr_wb_trapnull = 0x2222211f
                0x000000002222211f                _memmap_cacheattr_wba_trapnull = 0x2222211f
                0x000000002222211f                _memmap_cacheattr_wbna_trapnull = 0x2222211f
                0x000000002222211f                _memmap_cacheattr_wt_trapnull = 0x2222211f
                0x000000002222222f                _memmap_cacheattr_bp_trapnull = 0x2222222f
                0x00000000fffff11f                _memmap_cacheattr_wb_strict = 0xfffff11f
                0x00000000fffff11f                _memmap_cacheattr_wt_strict = 0xfffff11f
                0x00000000fffff22f                _memmap_cacheattr_bp_strict = 0xfffff22f
                0x0000000022222112                _memmap_cacheattr_wb_allvalid = 0x22222112
                0x0000000022222112                _memmap_cacheattr_wt_allvalid = 0x22222112
                0x0000000022222222                _memmap_cacheattr_bp_allvalid = 0x22222222
                [!provide]                        PROVIDE (_memmap_cacheattr_reset, _memmap_cacheattr_wb_trapnull)

.dport0.rodata  0x000000003ff00000        0x0
                0x000000003ff00000                _dport0_rodata_start = ABSOLUTE (.)
 *(.dport0.rodata)
 *(.dport.rodata)
                0x000000003ff00000                _dport0_rodata_end = ABSOLUTE (.)

.dport0.literal
                0x000000003ff00000        0x0
                0x000000003ff00000                _dport0_literal_start = ABSOLUTE (.)
 *(.dport0.literal)
 *(.dport.literal)
                0x000000003ff00000                _dport0_literal_end = ABSOLUTE (.)

.dport0.data    0x000000003ff00000        0x0
                0x000000003ff00000                _dport0_data_start = ABSOLUTE (.)
 *(.dport0.data)
 *(.dport.data)
                0x000000003ff00000                _dport0_data_end = ABSOLUTE (.)

.text           0x0000000040100000     0x6b7e
                0x0000000040100000                _stext = .
                0x0000000040100000                _text_start = ABSOLUTE (.)
                0x0000000040100000                . = ALIGN (0x10)
 *(.vecbase.text)
 .vecbase.text  0x0000000040100000      0x3b2 ./build/core.a(exception_vectors.o)
                0x0000000040100000                VecBase
                0x000000004010023c                call_user_start
                0x000000004010039e                _xt_user_exit
 *(.entry.text)
 *(.init.literal)
 *(.init)
 *(.iram1.*)
 *fill*         0x00000000401003b2        0x2 
 .iram1.text    0x00000000401003b4       0x4b ./build/open_esplibs_libmain.a(ets_timer.o)
                                         0x4f (size before relaxing)
 *fill*         0x00000000401003ff        0x1 
 .iram1.text    0x0000000040100400        0xb ./build/open_esplibs_libmain.a(misc.o)
                0x0000000040100404                sdk_os_get_cpu_frequency
 *fill*         0x000000004010040b        0x1 
 .iram1.text    0x000000004010040c      0x129 ./build/open_esplibs_libmain.a(os_cpu_a.o)
                                        0x175 (size before relaxing)
                0x000000004010040c                vPortYield
                0x0000000040100444                sdk__xt_int_enter
                0x000000004010045c                sdk__xt_int_exit
                0x000000004010048c                sdk__xt_timer_int
                0x00000000401004c8                sdk__xt_timer_int1
                0x00000000401004dc                sdk__xt_tick_timer_init
                0x0000000040100508                sdk__xt_isr_unmask
                0x0000000040100518                sdk__xt_isr_mask
                0x0000000040100528                sdk__xt_read_ints
                0x0000000040100530                sdk__xt_clear_ints
 *fill*         0x0000000040100535        0x3 
 .iram1.text    0x0000000040100538      0x3a8 ./build/open_esplibs_libmain.a(spi_flash.o)
                                        0x478 (size before relaxing)
                0x0000000040100560                sdk_SPIReadModeCnfig
                0x00000000401005e0                sdk_SPIWrite
                0x00000000401006a0                sdk_SPIRead
                0x00000000401006d0                sdk_SPIEraseSector
                0x0000000040100730                sdk_spi_flash_get_id
                0x000000004010078c                sdk_spi_flash_read_status
                0x00000000401007cc                sdk_spi_flash_write_status
                0x0000000040100808                sdk_spi_flash_erase_sector
                0x000000004010083c                sdk_spi_flash_write
                0x000000004010088c                sdk_spi_flash_read
 .iram1.text    0x00000000401008e0      0x1cd ./build/open_esplibs_libmain.a(user_interface.o)
                                        0x1e8 (size before relaxing)
                0x00000000401008e4                sdk_system_rtc_mem_write
                0x0000000040100948                sdk_system_rtc_mem_read
                0x00000000401009bc                sdk_system_restart_in_nmi
 *fill*         0x0000000040100aad        0x3 
 .iram1.text    0x0000000040100ab0      0x1c2 ./build/open_esplibs_libnet80211.a(ieee80211_hostap.o)
                                        0x1d6 (size before relaxing)
 *fill*         0x0000000040100c72        0x2 
 .iram1.text    0x0000000040100c74       0x59 ./build/open_esplibs_libnet80211.a(ieee80211_input.o)
                0x0000000040100c80                sdk_ieee80211_deliver_data
 *fill*         0x0000000040100ccd        0x3 
 .iram1.text    0x0000000040100cd0       0x5c ./build/open_esplibs_libwpa.a(os_xtensa.o)
                                         0x68 (size before relaxing)
                0x0000000040100cd0                sdk_os_get_time
                0x0000000040100cd4                sdk_os_random
                0x0000000040100ce4                sdk_os_get_random
 .iram1.text    0x0000000040100d2c       0xdb ./build/freertos.a(port.o)
                                        0x103 (size before relaxing)
                0x0000000040100d34                SV_ISR
                0x0000000040100d7c                vPortEnterCritical
                0x0000000040100da4                vPortExitCritical
                0x0000000040100dd0                PendSV
 *fill*         0x0000000040100e07        0x1 
 .iram1.text    0x0000000040100e08      0x2e7 ./build/core.a(app_main.o)
                                        0x32f (size before relaxing)
                0x0000000040100e30                vApplicationStackOverflowHook
                0x0000000040100e5c                vApplicationIdleHook
                0x0000000040100e80                vApplicationTickHook
                0x0000000040100ef4                sdk_user_start
 *fill*         0x00000000401010ef        0x1 
 .iram1.text    0x00000000401010f0       0xa0 ./build/core.a(debug_dumps.o)
                                         0xb8 (size before relaxing)
                0x0000000040101150                debug_exception_handler
                0x0000000040101150                fatal_exception_handler
                0x0000000040101170                abort
 .iram1.text    0x0000000040101190        0xe ./build/core.a(esp_hwrand.o)
                                         0x12 (size before relaxing)
                0x0000000040101190                hwrand
 *fill*         0x000000004010119e        0x2 
 .iram1.text    0x00000000401011a0       0xaa ./build/core.a(esp_interrupts.o)
                                         0xae (size before relaxing)
                0x00000000401011a4                _xt_isr_attach
                0x00000000401011b8                _xt_isr_handler
 *fill*         0x000000004010124a        0x2 
 .iram1.text    0x000000004010124c       0x1b ./build/core.a(sdk_compat.o)
                0x0000000040101250                zalloc
 *fill*         0x0000000040101267        0x1 
 .iram1.text    0x0000000040101268       0x67 ./build/core.a(spiflash-cache-enable.o)
                                         0x7b (size before relaxing)
                0x0000000040101278                Cache_Read_Enable
 *fill*         0x00000000401012cf        0x1 
 .iram1.text    0x00000000401012d0      0x36b ./build/core.a(spiflash.o)
                                        0x41b (size before relaxing)
                0x00000000401013f4                spiflash_write
                0x00000000401014d0                spiflash_read
                0x00000000401015c8                spiflash_erase_sector
 *fill*         0x000000004010163b        0x1 
 .iram1.text    0x000000004010163c       0x26 ./build/core.a(esp_iomux.o)
                0x0000000040101640                gpio_to_iomux
                0x0000000040101654                iomux_to_gpio
 *fill*         0x0000000040101662        0x2 
 .iram1.text    0x0000000040101664       0x34 ./build/core.a(newlib_syscalls.o)
                0x0000000040101670                _sbrk_r
 *fill*         0x0000000040101698        0x0 
 *fill*         0x0000000040101698        0x0 
 *fill*         0x0000000040101698        0x0 
 *fill*         0x0000000040101698        0x0 
 .iram1.text    0x0000000040101698       0x3d ./build/open_esplibs_libmain.a(xtensa_context.o)
                0x0000000040101698                sdk__xt_context_save
                0x00000000401016b4                sdk__xt_context_restore
 *fill*         0x00000000401016d5        0x0 
 *fill*         0x00000000401016d5        0x0 
 *fill*         0x00000000401016d5        0x0 
 *fill*         0x00000000401016d5        0x0 
 *fill*         0x00000000401016d5        0x3 
 .iram1.data    0x00000000401016d8        0x4 ./build/core.a(debug_dumps.o)
 *fill*         0x00000000401016dc        0x0 
 *fill*         0x00000000401016dc        0x0 
 *fill*         0x00000000401016dc        0x0 
 *fill*         0x00000000401016dc        0x0 
 *fill*         0x00000000401016dc        0x0 
 *fill*         0x00000000401016dc        0x0 
 .iram1.data    0x00000000401016dc       0x80 ./build/core.a(esp_iomux.o)
 *sdklib*:*(.literal .text .literal.* .text.*)
 .text          0x000000004010175c        0xb ./build/sdklib/libnet80211.a(wl_chm.o)
                0x0000000040101760                sdk_chm_get_current_channel
 *fill*         0x0000000040101767        0x1 
 .text          0x0000000040101768       0x4f ./build/sdklib/libphy.a(phy.o)
                                         0x53 (size before relaxing)
                0x0000000040101770                sdk_register_phy_ops
                0x0000000040101790                sdk_phy_change_channel
                0x00000000401017ac                sdk_phy_get_mactime
 *fill*         0x00000000401017b7        0x1 
 .text          0x00000000401017b8       0xf7 ./build/sdklib/libphy.a(phy_sleep.o)
                                        0x103 (size before relaxing)
                0x00000000401017c8                sdk_pm_rtc_clock_cali
                0x0000000040101884                sdk_clockgate_watchdog
 *fill*         0x00000000401018af        0x1 
 .text          0x00000000401018b0       0x94 ./build/sdklib/libpp.a(esf_buf.o)
                                         0xb4 (size before relaxing)
                0x00000000401018b4                sdk_esf_rx_buf_alloc
 .text          0x0000000040101944     0x14e0 ./build/sdklib/libpp.a(lmac.o)
                                       0x187c (size before relaxing)
                0x0000000040101948                sdk_lmacIsActive
                0x000000004010195c                sdk_lmacIsIdle
                0x0000000040101da4                sdk_lmacSetAcParam
                0x0000000040101e40                sdk_lmacProcessTXStartData
                0x0000000040101fe8                sdk_lmacProcessTxSuccess
                0x0000000040102130                sdk_GetAccess
                0x000000004010213c                sdk_lmacDiscardAgedMSDU
                0x0000000040102150                sdk_lmacRecycleMPDU
                0x0000000040102630                sdk_lmacProcessCollisions
                0x000000004010268c                sdk_lmacProcessCollision
                0x0000000040102710                sdk_lmacMSDUAged
                0x0000000040102a94                sdk_lmacProcessCtsTimeout
                0x0000000040102adc                sdk_lmacProcessAckTimeout
                0x0000000040102b30                sdk_lmacProcessRtsStart
                0x0000000040102b3c                sdk_lmacProcessTxRtsError
                0x0000000040102bd4                sdk_lmacProcessTxError
                0x0000000040102c58                sdk_lmacTxFrame
                0x0000000040102e0c                sdk_lmacRxDone
 .text          0x0000000040102e24      0xe70 ./build/sdklib/libpp.a(pp.o)
                                       0x103c (size before relaxing)
                0x0000000040102e54                sdk_pp_soft_wdt_feed
                0x0000000040102f68                sdk_ppProcessTxQ
                0x0000000040103058                sdk_ppFetchTxQFirstAvail
                0x0000000040103098                sdk_ppDequeueTxQ
                0x00000000401030c0                sdk_ppRollBackTxQ
                0x00000000401030e4                sdk_ppRecordBarRRC
                0x00000000401030f4                sdk_ppTxqUpdateBitmap
                0x0000000040103118                sdk_ppEnqueueTxDone
                0x000000004010314c                sdk_ppEnqueueRxq
                0x0000000040103914                sdk_ppDiscardMPDU
                0x0000000040103948                sdk_MacIsrSigPostDefHdl
                0x0000000040103a3c                sdk_pp_post
                0x0000000040103b40                sdk_ppCalTxop
                0x0000000040103c24                sdk_ppCalFrameTimes
 .text          0x0000000040103c94       0xf5 ./build/sdklib/libpp.a(rate_control.o)
                                        0x109 (size before relaxing)
                0x0000000040103cb4                sdk_RC_GetAckRate
                0x0000000040103cc0                sdk_RC_GetRtsRate
                0x0000000040103cd0                sdk_RC_GetAckTime
                0x0000000040103ce4                sdk_RC_GetCtsTime
                0x0000000040103d1c                sdk_RC_GetBlockAckTime
 *fill*         0x0000000040103d89        0x3 
 .text          0x0000000040103d8c      0x7f9 ./build/sdklib/libpp.a(trc.o)
                                        0x81d (size before relaxing)
                0x0000000040103f04                sdk_rcUpdateTxDone
                0x0000000040103f98                sdk_rcUpdateRxDone
                0x0000000040103ff4                sdk_rcUpdateDataRxDone
                0x000000004010400c                sdk_rcGetSched
                0x00000000401040b4                sdk_rcGetRate
                0x00000000401044b8                sdk_rcReachRetryLimit
                0x00000000401044d0                sdk_trc_NeedRTS
 *fill*         0x0000000040104585        0x3 
 .text          0x0000000040104588     0x1163 ./build/sdklib/libpp.a(wdev.o)
                                       0x1473 (size before relaxing)
                0x00000000401048dc                sdk_wDev_MacTimSetFunc
                0x00000000401048fc                sdk_wDev_MacTimArm
                0x00000000401049a0                sdk_wDev_MacTim1Arm
                0x0000000040104a7c                sdk_wDev_ProcessFiq
                0x0000000040104e20                sdk_wDev_EnableTransmit
                0x0000000040104e64                sdk_wDev_DisableTransmit
                0x0000000040104e84                sdk_Tx_Copy2Queue
                0x0000000040104ecc                sdk_wDev_ProcessCollision
                0x0000000040104ef0                sdk_wDev_GetTxqCollisions
                0x0000000040104f00                sdk_wDev_ClearTxqCollisions
                0x0000000040104f18                sdk_wDev_SetWaitingQueue
                0x0000000040104f64                sdk_wDev_ClearWaitingQueue
                0x0000000040104f84                sdk_wDev_SetFrameAckType
                0x0000000040104fe8                sdk_wDev_AppendRxBlocks
                0x0000000040105190                sdk_wDev_AppendRxAmpduLensBlocks
                0x00000000401052c8                sdk_wDev_GetBAInfo
 *fill*         0x00000000401056eb        0x1 
 .text          0x00000000401056ec       0x25 ./build/sdklib/libnet80211.a(ieee80211_hostap.o)
 *fill*         0x0000000040105711        0x0 
 *fill*         0x0000000040105711        0x0 
 *fill*         0x0000000040105711        0x3 
 .text          0x0000000040105714        0x2 ./build/sdklib/libphy.a(phy_chip_v6.o)
                0x0000000040105714                sdk_ram_tx_mac_disable
 *fill*         0x0000000040105716        0x0 
 *fill*         0x0000000040105716        0x0 
 *fill*         0x0000000040105716        0x0 
 *fill*         0x0000000040105716        0x0 
 *fill*         0x0000000040105716        0x2 
 .text          0x0000000040105718       0x11 ./build/sdklib/libwpa.a(wpa_auth.o)
 *libgcc.a:*i3.o(.literal .text .literal.* .text.*)
 *fill*         0x0000000040105729        0x3 
 .text          0x000000004010572c       0x49 ./build/libgcc.a(_modsi3.o)
                0x000000004010572c                __modsi3
 *fill*         0x0000000040105775        0x3 
 .text          0x0000000040105778       0x4c ./build/libgcc.a(_udivsi3.o)
                0x0000000040105778                __udivsi3
 .text          0x00000000401057c4       0x18 ./build/libgcc.a(_ashrdi3.o)
                0x00000000401057c4                __ashrdi3
 *libc.a:*malloc.o(.literal .text .literal.* .text.*)
 .literal       0x00000000401057dc        0x4 ./build/libc.a(lib_a-malloc.o)
                                         0x10 (size before relaxing)
 .literal       0x00000000401057e0        0x8 ./build/libc.a(lib_a-nano-mallocr.o)
                                         0x20 (size before relaxing)
 .literal       0x00000000401057e8        0x0 ./build/libc.a(lib_a-nano-freer.o)
                                          0xc (size before relaxing)
 .literal       0x00000000401057e8       0x28 ./build/libc.a(lib_a-rand.o)
                                         0x58 (size before relaxing)
 .literal       0x0000000040105810        0x4 ./build/libc.a(lib_a-mlock.o)
                                         0x10 (size before relaxing)
 .literal       0x0000000040105814        0x0 ./build/libc.a(lib_a-printf.o)
                                         0x14 (size before relaxing)
 .literal       0x0000000040105814        0x0 ./build/libc.a(lib_a-sprintf.o)
                                         0x14 (size before relaxing)
 .literal       0x0000000040105814        0x0 ./build/libc.a(lib_a-fprintf.o)
                                          0xc (size before relaxing)
 .literal       0x0000000040105814       0x24 ./build/libc.a(lib_a-nano-svfprintf.o)
                                         0x54 (size before relaxing)
 .literal       0x0000000040105838       0x28 ./build/libc.a(lib_a-nano-vfprintf.o)
                                         0x60 (size before relaxing)
 .literal       0x0000000040105860        0x0 ./build/libc.a(lib_a-snprintf.o)
                                          0xc (size before relaxing)
 .literal       0x0000000040105860       0x38 ./build/libc.a(lib_a-findfp.o)
                                         0x80 (size before relaxing)
 .literal       0x0000000040105898        0x8 ./build/libc.a(lib_a-fputwc.o)
                                         0x2c (size before relaxing)
 .text          0x00000000401058a0       0x35 ./build/libc.a(lib_a-malloc.o)
                0x00000000401058a0                malloc
                0x00000000401058bc                free
 *libc.a:*mallocr.o(.literal .text .literal.* .text.*)
 *fill*         0x00000000401058d5        0x3 
 .text          0x00000000401058d8       0xed ./build/libc.a(lib_a-nano-mallocr.o)
                                         0xf1 (size before relaxing)
                0x00000000401058d8                _malloc_r
 *fill*         0x00000000401059c5        0x0 
 *libc.a:*freer.o(.literal .text .literal.* .text.*)
 *fill*         0x00000000401059c5        0x3 
 .text          0x00000000401059c8       0xb1 ./build/libc.a(lib_a-nano-freer.o)
                0x00000000401059c8                _free_r
 *fill*         0x0000000040105a79        0x0 
 *libc.a:*memcpy.o(.literal .text .literal.* .text.*)
 *libc.a:*memset.o(.literal .text .literal.* .text.*)
 *libc.a:*memcmp.o(.literal .text .literal.* .text.*)
 *libc.a:*memmove.o(.literal .text .literal.* .text.*)
 *libc.a:*rand.o(.literal .text .literal.* .text.*)
 *fill*         0x0000000040105a79        0x3 
 .text          0x0000000040105a7c       0xdd ./build/libc.a(lib_a-rand.o)
                                         0xe1 (size before relaxing)
                0x0000000040105a7c                srand
                0x0000000040105ae0                rand
 *fill*         0x0000000040105b59        0x0 
 *libc.a:*bzero.o(.literal .text .literal.* .text.*)
 *libc.a:*lock.o(.literal .text .literal.* .text.*)
 *fill*         0x0000000040105b59        0x3 
 .text          0x0000000040105b5c       0x2d ./build/libc.a(lib_a-mlock.o)
                0x0000000040105b5c                __malloc_lock
                0x0000000040105b74                __malloc_unlock
 *fill*         0x0000000040105b89        0x3 
 .text          0x0000000040105b8c        0x8 ./build/libc.a(lock.o)
                0x0000000040105b8c                _lock_close_recursive
                0x0000000040105b8c                __dummy_lock
                0x0000000040105b8c                _lock_init_recursive
                0x0000000040105b8c                _lock_close
                0x0000000040105b8c                _lock_init
                0x0000000040105b90                __dummy_lock_try
 *libc.a:*printf.o(.literal .text .literal.* .text.*)
 .text          0x0000000040105b94       0x99 ./build/libc.a(lib_a-printf.o)
                0x0000000040105b94                _printf_r
                0x0000000040105b94                _iprintf_r
                0x0000000040105be0                printf
                0x0000000040105be0                iprintf
 *fill*         0x0000000040105c2d        0x3 
 .text          0x0000000040105c30       0xb5 ./build/libc.a(lib_a-sprintf.o)
                                         0xb9 (size before relaxing)
                0x0000000040105c30                _siprintf_r
                0x0000000040105c30                _sprintf_r
                0x0000000040105c88                sprintf
                0x0000000040105c88                siprintf
 *fill*         0x0000000040105ce5        0x3 
 .text          0x0000000040105ce8       0x57 ./build/libc.a(lib_a-fprintf.o)
                                         0x5b (size before relaxing)
                0x0000000040105ce8                _fprintf_r
                0x0000000040105ce8                _fiprintf_r
                0x0000000040105d0c                fprintf
                0x0000000040105d0c                fiprintf
 *fill*         0x0000000040105d3f        0x1 
 .text          0x0000000040105d40      0x4b5 ./build/libc.a(lib_a-nano-svfprintf.o)
                0x0000000040105d40                __ssputs_r
                0x0000000040105e3c                __ssprint_r
                0x0000000040105f70                _svfprintf_r
                0x0000000040105f70                _svfiprintf_r
 *fill*         0x00000000401061f5        0x3 
 .text          0x00000000401061f8      0x447 ./build/libc.a(lib_a-nano-vfprintf.o)
                                        0x44b (size before relaxing)
                0x0000000040106230                __sfputs_r
                0x00000000401062a0                __sprint_r
                0x0000000040106330                _vfiprintf_r
                0x0000000040106330                _vfprintf_r
                0x0000000040106618                vfiprintf
                0x0000000040106618                vfprintf
 *fill*         0x000000004010663f        0x1 
 .text          0x0000000040106640      0x10c ./build/libc.a(lib_a-snprintf.o)
                0x0000000040106640                _sniprintf_r
                0x0000000040106640                _snprintf_r
                0x00000000401066c4                snprintf
                0x00000000401066c4                sniprintf
 *fill*         0x000000004010674c        0x0 
 *fill*         0x000000004010674c        0x0 
 *fill*         0x000000004010674c        0x0 
 *fill*         0x000000004010674c        0x0 
 *fill*         0x000000004010674c        0x0 
 *fill*         0x000000004010674c        0x0 
 *libc.a:*findfp.o(.literal .text .literal.* .text.*)
 .text          0x000000004010674c      0x2c2 ./build/libc.a(lib_a-findfp.o)
                                        0x2ce (size before relaxing)
                0x0000000040106798                _cleanup_r
                0x00000000401067f8                __sfmoreglue
                0x0000000040106840                _cleanup
                0x0000000040106854                __sfp_lock_acquire
                0x000000004010686c                __sfp_lock_release
                0x0000000040106884                __sinit_lock_acquire
                0x000000004010689c                __sinit_lock_release
                0x00000000401068b4                __sinit
                0x0000000040106924                __sfp
                0x00000000401069d0                __fp_lock_all
                0x00000000401069f0                __fp_unlock_all
 *libc.a:*fputwc.o(.literal .text .literal.* .text.*)
 *fill*         0x0000000040106a0e        0x2 
 .text          0x0000000040106a10      0x16e ./build/libc.a(lib_a-fputwc.o)
                                        0x176 (size before relaxing)
                0x0000000040106a10                __fputwc
                0x0000000040106ab8                _fputwc_r
                0x0000000040106b28                fputwc
 *fill*         0x0000000040106b7e        0x0 
 *(.stub .gnu.warning .gnu.linkonce.literal.* .gnu.linkonce.t.*.literal .gnu.linkonce.t.*)
 *(.fini.literal)
 *(.fini)
 *(.gnu.version)
                0x0000000040106b7e                _text_end = ABSOLUTE (.)
                0x0000000040106b7e                _etext = .

.data           0x000000003ffe8000      0x9b4
                0x000000003ffe8000                _data_start = ABSOLUTE (.)
 *(.data)
 .data          0x000000003ffe8000        0x8 ./build/core.a(spiflash-cache-enable.o)
                0x000000003ffe8000                rboot_megabyte
 .data          0x000000003ffe8008       0xf4 ./build/libc.a(lib_a-impure.o)
                0x000000003ffe8008                _impure_ptr
 .data          0x000000003ffe80fc      0x16c ./build/libc.a(lib_a-locale.o)
                0x000000003ffe80fc                __global_locale
 .data          0x000000003ffe8268        0x1 ./build/sdklib/libmain.a(user_interface.o)
 *fill*         0x000000003ffe8269        0x3 
 .data          0x000000003ffe826c      0x1a8 ./build/sdklib/libnet80211.a(ieee80211_phy.o)
 *fill*         0x000000003ffe8414        0x4 
 .data          0x000000003ffe8418        0x6 ./build/sdklib/libnet80211.a(ieee80211_proto.o)
                0x000000003ffe8418                sdk_ieee80211_addr_bcast
 *fill*         0x000000003ffe841e        0x2 
 .data          0x000000003ffe8420       0x1c ./build/sdklib/libnet80211.a(ieee80211_action.o)
 *fill*         0x000000003ffe843c        0x4 
 .data          0x000000003ffe8440       0x53 ./build/sdklib/libphy.a(phy_chip_v6.o)
                0x000000003ffe8442                sdk_tx_rf_ana_gain
                0x000000003ffe8464                sdk_tx_pwctrl_atten_init_en
                0x000000003ffe8470                sdk_rx_gain_swp
                0x000000003ffe8490                sdk_test_rffreq_txcap
 *fill*         0x000000003ffe8493        0xd 
 .data          0x000000003ffe84a0       0x90 ./build/sdklib/libphy.a(phy_chip_v6_cal.o)
                0x000000003ffe84a0                sdk_dpd_index
                0x000000003ffe8500                sdk_dpd_db2linear
 .data          0x000000003ffe8530        0x4 ./build/sdklib/libphy.a(phy_sleep.o)
                0x000000003ffe8530                sdk_chip_version
 .data          0x000000003ffe8534      0x11c ./build/sdklib/libphy.a(phy_chip_v5_romfunc.o)
                0x000000003ffe8534                sdk_g_phyFuns
                0x000000003ffe8538                sdk_g_phyFuns_instance
 .data          0x000000003ffe8650        0x7 ./build/sdklib/libphy.a(phy_chip_v5_cal_romfunc.o)
 *fill*         0x000000003ffe8657        0x1 
 .data          0x000000003ffe8658        0x1 ./build/sdklib/libpp.a(pm.o)
 *fill*         0x000000003ffe8659        0x3 
 .data          0x000000003ffe865c       0x10 ./build/sdklib/libpp.a(pp.o)
                0x000000003ffe865c                sdk_NoiseTimerInterval
                0x000000003ffe8664                sdk_sleep_start_wait_time
 *fill*         0x000000003ffe866c        0x4 
 .data          0x000000003ffe8670       0x40 ./build/sdklib/libpp.a(rate_control.o)
 .data          0x000000003ffe86b0      0x22c ./build/sdklib/libpp.a(trc.o)
 *fill*         0x000000003ffe88dc        0x4 
 .data          0x000000003ffe88e0       0x10 ./build/sdklib/libpp.a(wdev.o)
 .data          0x000000003ffe88f0       0x18 ./build/sdklib/libnet80211.a(ieee80211_crypto_ccmp.o)
                0x000000003ffe88f0                sdk_ccmp
 .data          0x000000003ffe8908       0x18 ./build/sdklib/libnet80211.a(ieee80211_crypto_tkip.o)
                0x000000003ffe8908                sdk_tkip
 .data          0x000000003ffe8920       0x18 ./build/sdklib/libnet80211.a(ieee80211_crypto_wep.o)
                0x000000003ffe8920                sdk_wep
 *(.data.*)
 .data.cpu_freq
                0x000000003ffe8938        0x4 ./build/open_esplibs_libmain.a(misc.o)
 .data.sdk_flashchip
                0x000000003ffe893c       0x18 ./build/open_esplibs_libmain.a(spi_flash.o)
                0x000000003ffe893c                sdk_flashchip
 .data.sdk_dhcpc_flag
                0x000000003ffe8954        0x4 ./build/open_esplibs_libmain.a(user_interface.o)
                0x000000003ffe8954                sdk_dhcpc_flag
 .data.iss$5528
                0x000000003ffe8958        0x4 ./build/lwip.a(tcp.o)
 .data.tcp_port
                0x000000003ffe895c        0x2 ./build/lwip.a(tcp.o)
 .data.udp_port
                0x000000003ffe895e        0x2 ./build/lwip.a(udp.o)
 .data.ca_cert  0x000000003ffe8960        0x4 ./build/program.a(ca_cert.o)
                0x000000003ffe8960                ca_cert
 .data.client_key
                0x000000003ffe8964        0x4 ./build/program.a(client_config.o)
                0x000000003ffe8964                client_key
 .data.client_cert
                0x000000003ffe8968        0x4 ./build/program.a(client_config.o)
                0x000000003ffe8968                client_cert
 .data.client_endpoint
                0x000000003ffe896c        0x4 ./build/program.a(client_config.o)
                0x000000003ffe896c                client_endpoint
 .data.pers     0x000000003ffe8970        0x4 ./build/program.a(ssl_connection.o)
                0x000000003ffe8970                pers
 .data.ssl_preset_suiteb_curves
                0x000000003ffe8974        0xc ./build/mbedtls.a(ssl_tls.o)
 .data.ssl_preset_suiteb_hashes
                0x000000003ffe8980        0xc ./build/mbedtls.a(ssl_tls.o)
 .data.ssl_preset_suiteb_ciphersuites
                0x000000003ffe898c        0xc ./build/mbedtls.a(ssl_tls.o)
 .data.ssl_preset_default_hashes
                0x000000003ffe8998       0x14 ./build/mbedtls.a(ssl_tls.o)
 .data.one$2178
                0x000000003ffe89ac        0x4 ./build/mbedtls.a(ecp_curves.o)
 .data.current_stdout_write_r
                0x000000003ffe89b0        0x4 ./build/core.a(newlib_syscalls.o)
 *(.gnu.linkonce.d.*)
 *(.data1)
 *(.sdata)
 *(.sdata.*)
 *(.gnu.linkonce.s.*)
 *(.sdata2)
 *(.sdata2.*)
 *(.gnu.linkonce.s2.*)
 *(.jcr)
                0x000000003ffe89b4                _data_end = ABSOLUTE (.)

.rodata         0x000000003ffe89b8      0x8c0
                0x000000003ffe89b8                _rodata_start = ABSOLUTE (.)
 *core.a:*(.rodata.* .rodata)
 .rodata.str1.4
                0x000000003ffe89b8      0x19f ./build/core.a(app_main.o)
 *fill*         0x000000003ffe8b57        0x1 
 .rodata.CSWTCH$30
                0x000000003ffe8b58       0x10 ./build/core.a(app_main.o)
 .rodata.CSWTCH$29
                0x000000003ffe8b68       0x40 ./build/core.a(app_main.o)
 .rodata.str1.4
                0x000000003ffe8ba8      0x1cc ./build/core.a(debug_dumps.o)
 .rodata        0x000000003ffe8d74       0x1c ./build/core.a(exception_vectors.o)
 *libc.a:*.o(.rodata.* .rodata)
 .rodata        0x000000003ffe8d90       0x60 ./build/libc.a(lib_a-findfp.o)
                0x000000003ffe8d90                __sf_fake_stderr
                0x000000003ffe8db0                __sf_fake_stdout
                0x000000003ffe8dd0                __sf_fake_stdin
 .rodata        0x000000003ffe8df0        0x4 ./build/libc.a(lib_a-impure.o)
                0x000000003ffe8df0                _global_impure_ptr
 .rodata.str1.1
                0x000000003ffe8df4       0x21 ./build/libc.a(lib_a-mstats.o)
 .rodata.str1.1
                0x000000003ffe8e15       0x4b ./build/libc.a(lib_a-nano-mallstatsr.o)
 .rodata.str1.1
                0x000000003ffe8e60       0x12 ./build/libc.a(lib_a-nano-vfprintf_float.o)
 .rodata.str1.1
                0x000000003ffe8e72       0x22 ./build/libc.a(lib_a-nano-vfprintf_i.o)
 .rodata.str1.1
                0x000000003ffe8e94        0x5 ./build/libc.a(lib_a-nano-vfscanf_float.o)
 .rodata.str1.1
                0x000000003ffe8e99        0x5 ./build/libc.a(lib_a-puts.o)
                                          0x2 (size before relaxing)
 .rodata.str1.1
                0x000000003ffe8e99        0x5 ./build/libc.a(lib_a-strtod.o)
                                          0xc (size before relaxing)
 *fill*         0x000000003ffe8e99        0x7 
 .rodata        0x000000003ffe8ea0       0x70 ./build/libc.a(lib_a-strtod.o)
 .rodata.str1.1
                0x000000003ffe8f10        0xd ./build/libc.a(lib_a-dtoa.o)
                                          0xf (size before relaxing)
 .rodata.str1.1
                0x000000003ffe8f1d        0xa ./build/libc.a(lib_a-locale.o)
                                          0xb (size before relaxing)
 *fill*         0x000000003ffe8f27        0x1 
 .rodata        0x000000003ffe8f28      0x128 ./build/libc.a(lib_a-mprec.o)
                0x000000003ffe8f38                __mprec_tinytens
                0x000000003ffe8f60                __mprec_bigtens
                0x000000003ffe8f88                __mprec_tens
 .rodata.str1.1
                0x000000003ffe9050       0x11 ./build/libc.a(lib_a-nano-svfprintf.o)
 .rodata.str1.1
                0x000000003ffe9061       0x11 ./build/libc.a(lib_a-nano-vfprintf.o)
 .rodata        0x000000003ffe9061      0x101 ./build/libc.a(lib_a-ctype_.o)
                0x000000003ffe9061                _ctype_
 *freertos.a:*(.rodata.* .rodata)
 *fill*         0x000000003ffe9162        0x2 
 .rodata.str1.4
                0x000000003ffe9164       0x39 ./build/freertos.a(tasks.o)
 *fill*         0x000000003ffe919d        0x3 
 .rodata.str1.4
                0x000000003ffe91a0       0x3a ./build/freertos.a(timers.o)
 *fill*         0x000000003ffe91da        0x2 
 .rodata.str1.4
                0x000000003ffe91dc       0x55 ./build/freertos.a(port.o)
 *fill*         0x000000003ffe9231        0x3 
 .rodata.str1.4
                0x000000003ffe9234       0x31 ./build/freertos.a(queue.o)
 *libmain.a:spi_flash.o(.rodata.* .rodata)
 *libpp.a:wdev.o(.rodata.* .rodata)
 *fill*         0x000000003ffe9265        0x3 
 .rodata.str1.4
                0x000000003ffe9268       0x10 ./build/sdklib/libpp.a(wdev.o)
                                          0xf (size before relaxing)
                0x000000003ffe9278                _rodata_end = ABSOLUTE (.)

.bss            0x000000003ffe9278     0x82e0
                0x000000003ffe9278                . = ALIGN (0x8)
                0x000000003ffe9278                _bss_start = ABSOLUTE (.)
 *(.dynsbss)
 *(.sbss)
 *(.sbss.*)
 *(.gnu.linkonce.sb.*)
 *(.scommon)
 *(.sbss2)
 *(.sbss2.*)
 *(.gnu.linkonce.sb2.*)
 *(.dynbss)
 *(.bss)
 *fill*         0x000000003ffe9278        0x8 
 .bss           0x000000003ffe9280      0x228 ./build/core.a(exception_vectors.o)
                0x000000003ffe9494                debug_saved_ctx
 .bss           0x000000003ffe94a8        0x8 ./build/libc.a(lib_a-findfp.o)
 .bss           0x000000003ffe94b0       0x28 ./build/libc.a(lib_a-nano-mallinfor.o)
                0x000000003ffe94b0                __malloc_current_mallinfo
 .bss           0x000000003ffe94d8        0x8 ./build/libc.a(lib_a-nano-mallocr.o)
                0x000000003ffe94d8                __malloc_sbrk_start
                0x000000003ffe94dc                __malloc_free_list
 .bss           0x000000003ffe94e0        0x4 ./build/libc.a(lib_a-mlock.o)
 *fill*         0x000000003ffe94e4        0xc 
 .bss           0x000000003ffe94f0      0x131 ./build/sdklib/libmain.a(user_interface.o)
 *fill*         0x000000003ffe9621        0x3 
 .bss           0x000000003ffe9624      0x54c ./build/sdklib/libnet80211.a(ieee80211.o)
                0x000000003ffe9624                sdk_g_ic
                0x000000003ffe9b6c                sdk_xieee80211Queue
 .bss           0x000000003ffe9b70       0x28 ./build/sdklib/libnet80211.a(ieee80211_hostap.o)
                0x000000003ffe9b90                sdk_TmpSTAAPCloseAP
                0x000000003ffe9b91                sdk_PendFreeBcnEb
 .bss           0x000000003ffe9b98       0xe4 ./build/sdklib/libnet80211.a(ieee80211_scan.o)
                0x000000003ffe9b98                sdk_gScanStruct
                0x000000003ffe9c5c                sdk_auth_type
                0x000000003ffe9c5e                sdk_scannum
 .bss           0x000000003ffe9c7c       0x44 ./build/sdklib/libnet80211.a(wl_chm.o)
 .bss           0x000000003ffe9cc0      0x780 ./build/sdklib/libnet80211.a(wl_cnx.o)
                0x000000003ffea420                sdk_sta_con_timer
                0x000000003ffea43c                sdk_g_cnx_probe_rc_list_cb
 .bss           0x000000003ffea440        0x4 ./build/sdklib/libphy.a(phy.o)
 *fill*         0x000000003ffea444        0xc 
 .bss           0x000000003ffea450      0x38b ./build/sdklib/libphy.a(phy_chip_v6.o)
                0x000000003ffea450                sdk_rxiq_compute_num
                0x000000003ffea454                sdk_rxdc_init_flag
                0x000000003ffea458                sdk_check_result
                0x000000003ffea45c                sdk_chip6_sleep_params
                0x000000003ffea634                sdk_chip6_phy_init_ctrl
                0x000000003ffea6a2                sdk_phy_freq_offset
                0x000000003ffea6a4                sdk_do_pwctrl_flag
                0x000000003ffea6a5                sdk_pwctrl_debug
                0x000000003ffea6a6                sdk_txbk_dpdby_flag
                0x000000003ffea6a8                sdk_sw_scan_mode
                0x000000003ffea6bc                sdk_periodic_cal_dc_num
                0x000000003ffea6c0                sdk_periodic_cal_flag
                0x000000003ffea6c1                sdk_bbpll_cal_flag
                0x000000003ffea6c2                sdk_deep_sleep_en
                0x000000003ffea6c8                sdk_noise_array
                0x000000003ffea7d0                sdk_tx_pwctrl_atten_init
 *fill*         0x000000003ffea7db        0x1 
 .bss           0x000000003ffea7dc        0x6 ./build/sdklib/libphy.a(phy_chip_v6_cal.o)
                0x000000003ffea7dc                sdk_loop_pwctrl_pwdet_error_accum_high_power
                0x000000003ffea7de                sdk_tx_pwctrl_pk_num
                0x000000003ffea7df                sdk_loop_pwctrl_correct_atten_high_power
                0x000000003ffea7e0                sdk_tx_pwctrl_set_chan_flag
                0x000000003ffea7e1                sdk_rxiq_cover_fail_num
 *fill*         0x000000003ffea7e2        0x2 
 .bss           0x000000003ffea7e4        0x4 ./build/sdklib/libphy.a(phy_sleep.o)
                0x000000003ffea7e4                sdk_periodic_cal_sat
                0x000000003ffea7e5                sdk_software_slp_reject
                0x000000003ffea7e6                sdk_SDIO_slp_reject
                0x000000003ffea7e7                sdk_hardware_reject
 *fill*         0x000000003ffea7e8        0x8 
 .bss           0x000000003ffea7f0     0x11e8 ./build/sdklib/libpp.a(esf_buf.o)
 *fill*         0x000000003ffeb9d8        0x8 
 .bss           0x000000003ffeb9e0       0x30 ./build/sdklib/libpp.a(if_hwctrl.o)
                0x000000003ffeb9e0                sdk_interface_mask
                0x000000003ffeb9f0                sdk_if_ctrl
 .bss           0x000000003ffeba10      0x150 ./build/sdklib/libpp.a(lmac.o)
                0x000000003ffeba14                sdk_lmacConfMib
 .bss           0x000000003ffebb60      0x149 ./build/sdklib/libpp.a(pm.o)
 *fill*         0x000000003ffebca9        0x7 
 .bss           0x000000003ffebcb0      0x352 ./build/sdklib/libpp.a(pp.o)
                0x000000003ffebcd8                sdk_pend_flag_noise_check
                0x000000003ffebce0                sdk_pend_flag_periodic_cal
                0x000000003ffebd04                sdk_dbg_stop_sw_wdt
                0x000000003ffebd05                sdk_dbg_stop_hw_wdt
 *fill*         0x000000003ffec002        0xe 
 .bss           0x000000003ffec010      0x100 ./build/sdklib/libpp.a(rate_control.o)
 .bss           0x000000003ffec110      0x268 ./build/sdklib/libpp.a(trc.o)
 *fill*         0x000000003ffec378        0x8 
 .bss           0x000000003ffec380     0x4721 ./build/sdklib/libpp.a(wdev.o)
                0x000000003ffec380                sdk_wDevCtrl
                0x000000003ffec524                sdk_NMIIrqIsOn
                0x000000003ffec528                sdk_WdevTimOffSet
 *fill*         0x000000003fff0aa1        0xf 
 .bss           0x000000003fff0ab0      0x27a ./build/sdklib/libwpa.a(wpa.o)
 *fill*         0x000000003fff0d2a        0x6 
 .bss           0x000000003fff0d30       0xb0 ./build/sdklib/libwpa.a(aes-internal-dec.o)
 .bss           0x000000003fff0de0        0x8 ./build/sdklib/libnet80211.a(ieee80211_crypto_tkip.o)
 *(.bss.*)
 .bss.task_handle
                0x000000003fff0de8        0x4 ./build/open_esplibs_libmain.a(ets_timer.o)
 .bss.timer_list
                0x000000003fff0dec        0x4 ./build/open_esplibs_libmain.a(ets_timer.o)
 .bss.armed_timer_count
                0x000000003fff0df0        0x1 ./build/open_esplibs_libmain.a(timers.o)
 *fill*         0x000000003fff0df1        0x3 
 .bss.timer_list
                0x000000003fff0df4        0x4 ./build/open_esplibs_libmain.a(timers.o)
 .bss.hostap_timer_parg
                0x000000003fff0df8        0x4 ./build/open_esplibs_libnet80211.a(ieee80211_hostap.o)
 .bss.hostap_timer
                0x000000003fff0dfc       0x1c ./build/open_esplibs_libnet80211.a(ieee80211_hostap.o)
 .bss.hostap_flags
                0x000000003fff0e18        0x1 ./build/open_esplibs_libnet80211.a(ieee80211_hostap.o)
 *fill*         0x000000003fff0e19        0x3 
 .bss.uxSchedulerSuspended
                0x000000003fff0e1c        0x4 ./build/freertos.a(tasks.o)
 .bss.xIdleTaskHandle
                0x000000003fff0e20        0x4 ./build/freertos.a(tasks.o)
 .bss.xNextTaskUnblockTime
                0x000000003fff0e24        0x4 ./build/freertos.a(tasks.o)
 .bss.uxTaskNumber
                0x000000003fff0e28        0x4 ./build/freertos.a(tasks.o)
 .bss.xNumOfOverflows
                0x000000003fff0e2c        0x4 ./build/freertos.a(tasks.o)
 .bss.xYieldPending
                0x000000003fff0e30        0x4 ./build/freertos.a(tasks.o)
 .bss.uxPendedTicks
                0x000000003fff0e34        0x4 ./build/freertos.a(tasks.o)
 .bss.xSchedulerRunning
                0x000000003fff0e38        0x4 ./build/freertos.a(tasks.o)
 .bss.uxTopReadyPriority
                0x000000003fff0e3c        0x4 ./build/freertos.a(tasks.o)
 .bss.xTickCount
                0x000000003fff0e40        0x4 ./build/freertos.a(tasks.o)
 .bss.uxCurrentNumberOfTasks
                0x000000003fff0e44        0x4 ./build/freertos.a(tasks.o)
 .bss.xSuspendedTaskList
                0x000000003fff0e48       0x14 ./build/freertos.a(tasks.o)
 .bss.uxDeletedTasksWaitingCleanUp
                0x000000003fff0e5c        0x4 ./build/freertos.a(tasks.o)
 .bss.xTasksWaitingTermination
                0x000000003fff0e60       0x14 ./build/freertos.a(tasks.o)
 .bss.xPendingReadyList
                0x000000003fff0e74       0x14 ./build/freertos.a(tasks.o)
 .bss.pxOverflowDelayedTaskList
                0x000000003fff0e88        0x4 ./build/freertos.a(tasks.o)
 .bss.pxDelayedTaskList
                0x000000003fff0e8c        0x4 ./build/freertos.a(tasks.o)
 .bss.xDelayedTaskList2
                0x000000003fff0e90       0x14 ./build/freertos.a(tasks.o)
 .bss.xDelayedTaskList1
                0x000000003fff0ea4       0x14 ./build/freertos.a(tasks.o)
 .bss.pxReadyTasksLists
                0x000000003fff0eb8      0x12c ./build/freertos.a(tasks.o)
 .bss.pxCurrentTCB
                0x000000003fff0fe4        0x4 ./build/freertos.a(tasks.o)
                0x000000003fff0fe4                pxCurrentTCB
 .bss.xLastTime$3522
                0x000000003fff0fe8        0x4 ./build/freertos.a(timers.o)
 .bss.xTimerTaskHandle
                0x000000003fff0fec        0x4 ./build/freertos.a(timers.o)
 .bss.xTimerQueue
                0x000000003fff0ff0        0x4 ./build/freertos.a(timers.o)
 .bss.pxOverflowTimerList
                0x000000003fff0ff4        0x4 ./build/freertos.a(timers.o)
 .bss.pxCurrentTimerList
                0x000000003fff0ff8        0x4 ./build/freertos.a(timers.o)
 .bss.xActiveTimerList2
                0x000000003fff0ffc       0x14 ./build/freertos.a(timers.o)
 .bss.xActiveTimerList1
                0x000000003fff1010       0x14 ./build/freertos.a(timers.o)
 .bss.uxCriticalNesting
                0x000000003fff1024        0x4 ./build/freertos.a(port.o)
 .bss.pending_maclayer_sv
                0x000000003fff1028        0x4 ./build/freertos.a(port.o)
 .bss.pending_soft_sv
                0x000000003fff102c        0x4 ./build/freertos.a(port.o)
 .bss.mbox      0x000000003fff1030        0x4 ./build/lwip.a(tcpip.o)
 .bss.tcpip_init_done_arg
                0x000000003fff1034        0x4 ./build/lwip.a(tcpip.o)
 .bss.tcpip_init_done
                0x000000003fff1038        0x4 ./build/lwip.a(tcpip.o)
 .bss.netif_num
                0x000000003fff103c        0x1 ./build/lwip.a(netif.o)
 .bss.tcp_timer_ctr
                0x000000003fff103d        0x1 ./build/lwip.a(tcp.o)
 .bss.tcp_timer
                0x000000003fff103e        0x1 ./build/lwip.a(tcp.o)
 *fill*         0x000000003fff103f        0x1 
 .bss.recv_data
                0x000000003fff1040        0x4 ./build/lwip.a(tcp_in.o)
 .bss.recv_flags
                0x000000003fff1044        0x1 ./build/lwip.a(tcp_in.o)
 .bss.flags     0x000000003fff1045        0x1 ./build/lwip.a(tcp_in.o)
 .bss.tcplen    0x000000003fff1046        0x2 ./build/lwip.a(tcp_in.o)
 .bss.recv_acked
                0x000000003fff1048        0x2 ./build/lwip.a(tcp_in.o)
 *fill*         0x000000003fff104a        0x2 
 .bss.ackno     0x000000003fff104c        0x4 ./build/lwip.a(tcp_in.o)
 .bss.seqno     0x000000003fff1050        0x4 ./build/lwip.a(tcp_in.o)
 .bss.tcp_optidx
                0x000000003fff1054        0x2 ./build/lwip.a(tcp_in.o)
 *fill*         0x000000003fff1056        0x2 
 .bss.tcphdr_opt2
                0x000000003fff1058        0x4 ./build/lwip.a(tcp_in.o)
 .bss.tcphdr_opt1len
                0x000000003fff105c        0x2 ./build/lwip.a(tcp_in.o)
 .bss.tcphdr_optlen
                0x000000003fff105e        0x2 ./build/lwip.a(tcp_in.o)
 .bss.tcphdr    0x000000003fff1060        0x4 ./build/lwip.a(tcp_in.o)
 .bss.inseg     0x000000003fff1064       0x10 ./build/lwip.a(tcp_in.o)
 .bss.tcpip_tcp_timer_active
                0x000000003fff1074        0x4 ./build/lwip.a(timeouts.o)
 .bss.timeouts_last_time
                0x000000003fff1078        0x4 ./build/lwip.a(timeouts.o)
 .bss.next_timeout
                0x000000003fff107c        0x4 ./build/lwip.a(timeouts.o)
 .bss.xid$4517  0x000000003fff1080        0x4 ./build/lwip.a(dhcp.o)
 .bss.dhcp_pcb_refcount
                0x000000003fff1084        0x1 ./build/lwip.a(dhcp.o)
 *fill*         0x000000003fff1085        0x3 
 .bss.dhcp_pcb  0x000000003fff1088        0x4 ./build/lwip.a(dhcp.o)
 .bss.etharp_cached_entry
                0x000000003fff108c        0x1 ./build/lwip.a(etharp.o)
 *fill*         0x000000003fff108d        0x3 
 .bss.arp_table
                0x000000003fff1090       0xf0 ./build/lwip.a(etharp.o)
 .bss.allrouters
                0x000000003fff1180        0x4 ./build/lwip.a(igmp.o)
 .bss.allsystems
                0x000000003fff1184        0x4 ./build/lwip.a(igmp.o)
 .bss.ip4_default_multicast_netif
                0x000000003fff1188        0x4 ./build/lwip.a(ip4.o)
 .bss.ip_id     0x000000003fff118c        0x2 ./build/lwip.a(ip4.o)
 .bss.ip_reass_pbufcount
                0x000000003fff118e        0x2 ./build/lwip.a(ip4_frag.o)
 .bss.reassdatagrams
                0x000000003fff1190        0x4 ./build/lwip.a(ip4_frag.o)
 .bss.my_nesting
                0x000000003fff1194        0x4 ./build/lwip.a(sys_arch.o)
 .bss.dns_servers
                0x000000003fff1198        0x8 ./build/lwip.a(dns.o)
 .bss.dns_requests
                0x000000003fff11a0        0xc ./build/lwip.a(dns.o)
 .bss.dns_table
                0x000000003fff11ac       0x90 ./build/lwip.a(dns.o)
 .bss.dns_seqno
                0x000000003fff123c        0x1 ./build/lwip.a(dns.o)
 .bss.dns_last_pcb_idx
                0x000000003fff123d        0x1 ./build/lwip.a(dns.o)
 *fill*         0x000000003fff123e        0x2 
 .bss.dns_pcbs  0x000000003fff1240        0x4 ./build/lwip.a(dns.o)
 .bss.user_exception_handler
                0x000000003fff1244        0x4 ./build/core.a(debug_dumps.o)
 .bss._sysparam_info
                0x000000003fff1248       0x18 ./build/core.a(sysparam.o)
 .bss.my_id$7791
                0x000000003fff1260        0xd ./build/program.a(aws_iot.o)
 .bss.my_id_done$7792
                0x000000003fff126d        0x1 ./build/program.a(aws_iot.o)
 *fill*         0x000000003fff126e        0x2 
 .bss.publish_queue
                0x000000003fff1270        0x4 ./build/program.a(aws_iot.o)
 .bss.ssl_conn  0x000000003fff1274        0x4 ./build/program.a(aws_iot.o)
 .bss.ssl_reset
                0x000000003fff1278        0x4 ./build/program.a(aws_iot.o)
 .bss.wifi_alive
                0x000000003fff127c        0x4 ./build/program.a(aws_iot.o)
 .bss.bufptr    0x000000003fff1280        0x4 ./build/paho_mqtt_c.a(MQTTPacket.o)
 .bss.init_done$3403
                0x000000003fff1284        0x4 ./build/mbedtls.a(ecp.o)
 .bss.ecp_supported_grp_id
                0x000000003fff1288        0xc ./build/mbedtls.a(ecp.o)
 .bss.select_cb_list
                0x000000003fff1294        0x4 ./build/lwip.a(sockets.o)
 .bss.sockets   0x000000003fff1298       0xc0 ./build/lwip.a(sockets.o)
 .bss.heap_end$3866
                0x000000003fff1358        0x4 ./build/core.a(newlib_syscalls.o)
 *(.gnu.linkonce.b.*)
 *(COMMON)
 COMMON         0x000000003fff135c        0x4 ./build/open_esplibs_libmain.a(misc.o)
                0x000000003fff135c                sdk__putc1
 COMMON         0x000000003fff1360       0x28 ./build/open_esplibs_libmain.a(user_interface.o)
                0x000000003fff1360                sdk_cpu_overclock
                0x000000003fff1364                sdk_rst_if
                0x000000003fff1384                sdk_promiscuous_cb
 COMMON         0x000000003fff1388        0xc ./build/freertos.a(port.o)
                0x000000003fff1388                level1_int_disabled
                0x000000003fff138c                cpu_sr
                0x000000003fff1390                xPortSupervisorStackPointer
 COMMON         0x000000003fff1394        0x4 ./build/lwip.a(esp_interface.o)
                0x000000003fff1394                pp_rx_pool_usage
 COMMON         0x000000003fff1398        0x4 ./build/lwip.a(tcpip.o)
                0x000000003fff1398                lock_tcpip_core
 COMMON         0x000000003fff139c        0x8 ./build/lwip.a(netif.o)
                0x000000003fff139c                netif_list
                0x000000003fff13a0                netif_default
 COMMON         0x000000003fff13a4        0x1 ./build/lwip.a(pbuf.o)
                0x000000003fff13a4                pbuf_free_ooseq_pending
 *fill*         0x000000003fff13a5        0x3 
 COMMON         0x000000003fff13a8       0x18 ./build/lwip.a(tcp.o)
                0x000000003fff13a8                tcp_active_pcbs_changed
                0x000000003fff13ac                tcp_active_pcbs
                0x000000003fff13b0                tcp_ticks
                0x000000003fff13b4                tcp_listen_pcbs
                0x000000003fff13b8                tcp_bound_pcbs
                0x000000003fff13bc                tcp_tw_pcbs
 COMMON         0x000000003fff13c0        0x4 ./build/lwip.a(tcp_in.o)
                0x000000003fff13c0                tcp_input_pcb
 COMMON         0x000000003fff13c4        0x4 ./build/lwip.a(udp.o)
                0x000000003fff13c4                udp_pcbs
 COMMON         0x000000003fff13c8       0x34 ./build/lwip.a(dhcp.o)
                0x000000003fff13c8                dhcp_rx_options_given
                0x000000003fff13d4                dhcp_rx_options_val
 COMMON         0x000000003fff13fc       0x18 ./build/lwip.a(ip.o)
                0x000000003fff13fc                ip_data
 COMMON         0x000000003fff1414       0x2d ./build/core.a(app_main.o)
                0x000000003fff1414                sdk_info
                0x000000003fff1438                sdk_xWatchDogTaskHandle
                0x000000003fff143c                sdk_xUserTaskHandle
                0x000000003fff1440                sdk_user_init_flag
 *fill*         0x000000003fff1441        0x3 
 COMMON         0x000000003fff1444       0x81 ./build/core.a(esp_interrupts.o)
                0x000000003fff1444                isr
                0x000000003fff14c4                esp_in_isr
 *fill*         0x000000003fff14c5        0x3 
 COMMON         0x000000003fff14c8       0x90 ./build/lwip.a(sockets.o)
                0x000000003fff14c8                socket_ipv4_multicast_memberships
                0x000000003fff1558                . = ALIGN (0x8)
                0x000000003fff1558                _bss_end = ABSOLUTE (.)
                0x000000003fff1558                _heap_start = ABSOLUTE (.)

.irom0.text     0x0000000040202010    0x52c18
                0x0000000040202010                _irom0_text_start = ABSOLUTE (.)
 *(.literal .text .literal.* .text.* .rodata .rodata.*)
 .text.add_pending_timer
                0x0000000040202010       0x9c ./build/open_esplibs_libmain.a(ets_timer.o)
 .text.timer_task
                0x00000000402020ac       0xb9 ./build/open_esplibs_libmain.a(ets_timer.o)
                                         0xd5 (size before relaxing)
 *fill*         0x0000000040202165        0x3 
 .text.sdk_ets_timer_arm_ms_us
                0x0000000040202168       0x69 ./build/open_esplibs_libmain.a(ets_timer.o)
                                         0x7d (size before relaxing)
                0x0000000040202170                sdk_ets_timer_arm_ms_us
 *fill*         0x00000000402021d1        0x3 
 .text.sdk_ets_timer_arm
                0x00000000402021d4       0x17 ./build/open_esplibs_libmain.a(ets_timer.o)
                                         0x1b (size before relaxing)
                0x00000000402021d4                sdk_ets_timer_arm
 *fill*         0x00000000402021eb        0x1 
 .text.sdk_ets_timer_disarm
                0x00000000402021ec       0x50 ./build/open_esplibs_libmain.a(ets_timer.o)
                                         0x5c (size before relaxing)
                0x00000000402021ec                sdk_ets_timer_disarm
 .text.sdk_ets_timer_init
                0x000000004020223c       0xa8 ./build/open_esplibs_libmain.a(ets_timer.o)
                                         0xb8 (size before relaxing)
                0x0000000040202258                sdk_ets_timer_init
 .text.sdk_os_update_cpu_frequency
                0x00000000402022e4        0xb ./build/open_esplibs_libmain.a(misc.o)
                0x00000000402022e8                sdk_os_update_cpu_frequency
                0x00000000402022e8                sdk_ets_update_cpu_frequency
 *fill*         0x00000000402022ef        0x1 
 .text.sdk_os_delay_us
                0x00000000402022f0       0x33 ./build/open_esplibs_libmain.a(misc.o)
                                         0x3f (size before relaxing)
                0x00000000402022f0                sdk_os_delay_us
                0x00000000402022f0                sdk_ets_delay_us
 *fill*         0x0000000040202323        0x1 
 .text.sdk_os_install_putc1
                0x0000000040202324        0xb ./build/open_esplibs_libmain.a(misc.o)
                0x0000000040202328                sdk_os_install_putc1
 *fill*         0x000000004020232f        0x1 
 .text.sdk_gpio_output_set
                0x0000000040202330       0x1d ./build/open_esplibs_libmain.a(misc.o)
                0x0000000040202334                sdk_gpio_output_set
 *fill*         0x000000004020234d        0x3 
 .text.sdk_rtc_get_reset_reason
                0x0000000040202350       0x4a ./build/open_esplibs_libmain.a(misc.o)
                0x0000000040202358                sdk_rtc_get_reset_reason
 *fill*         0x000000004020239a        0x2 
 .text.timer_tramp
                0x000000004020239c       0x17 ./build/open_esplibs_libmain.a(timers.o)
                                         0x1f (size before relaxing)
 *fill*         0x00000000402023b3        0x1 
 .text.sdk_os_timer_setfn
                0x00000000402023b4       0xac ./build/open_esplibs_libmain.a(timers.o)
                                         0xb8 (size before relaxing)
                0x00000000402023c4                sdk_os_timer_setfn
 .text.sdk_os_timer_arm
                0x0000000040202460       0xac ./build/open_esplibs_libmain.a(timers.o)
                                         0xd4 (size before relaxing)
                0x000000004020246c                sdk_os_timer_arm
 .text.sdk_os_timer_disarm
                0x000000004020250c       0x27 ./build/open_esplibs_libmain.a(timers.o)
                                         0x37 (size before relaxing)
                0x0000000040202510                sdk_os_timer_disarm
 *fill*         0x0000000040202533        0x1 
 .text._check_boot_version
                0x0000000040202534       0x3a ./build/open_esplibs_libmain.a(user_interface.o)
                                         0x3e (size before relaxing)
 *fill*         0x000000004020256e        0x2 
 .text.sdk_system_pp_recycle_rx_pkt
                0x0000000040202570        0xf ./build/open_esplibs_libmain.a(user_interface.o)
                                         0x17 (size before relaxing)
                0x0000000040202570                sdk_system_pp_recycle_rx_pkt
 *fill*         0x000000004020257f        0x1 
 .text.sdk_system_restart
                0x0000000040202580       0x53 ./build/open_esplibs_libmain.a(user_interface.o)
                                         0x7b (size before relaxing)
                0x000000004020258c                sdk_system_restart
 *fill*         0x00000000402025d3        0x1 
 .text.sdk_system_get_boot_version
                0x00000000402025d4        0xe ./build/open_esplibs_libmain.a(user_interface.o)
                                         0x12 (size before relaxing)
                0x00000000402025d4                sdk_system_get_boot_version
 *fill*         0x00000000402025e2        0x2 
 .text.sdk_system_get_test_result
                0x00000000402025e4       0x22 ./build/open_esplibs_libmain.a(user_interface.o)
                                         0x2e (size before relaxing)
                0x00000000402025e4                sdk_system_get_test_result
 *fill*         0x0000000040202606        0x2 
 .text.sdk_system_upgrade_userbin_check
                0x0000000040202608       0x40 ./build/open_esplibs_libmain.a(user_interface.o)
                                         0x44 (size before relaxing)
                0x0000000040202608                sdk_system_upgrade_userbin_check
 .text.sdk_system_get_userbin_addr
                0x0000000040202648       0x96 ./build/open_esplibs_libmain.a(user_interface.o)
                                         0x9e (size before relaxing)
                0x0000000040202658                sdk_system_get_userbin_addr
 *fill*         0x00000000402026de        0x2 
 .text.sdk_system_update_cpu_freq
                0x00000000402026e0       0x5d ./build/open_esplibs_libmain.a(user_interface.o)
                                         0x69 (size before relaxing)
                0x00000000402026e0                sdk_system_update_cpu_freq
 *fill*         0x000000004020273d        0x3 
 .text.sdk_system_get_cpu_freq
                0x0000000040202740       0x1a ./build/open_esplibs_libmain.a(user_interface.o)
                0x0000000040202744                sdk_system_get_cpu_freq
 *fill*         0x000000004020275a        0x2 
 .text.sdk_system_overclock
                0x000000004020275c       0x31 ./build/open_esplibs_libmain.a(user_interface.o)
                                         0x3d (size before relaxing)
                0x0000000040202760                sdk_system_overclock
 *fill*         0x000000004020278d        0x3 
 .text.sdk_system_restoreclock
                0x0000000040202790       0x33 ./build/open_esplibs_libmain.a(user_interface.o)
                                         0x43 (size before relaxing)
                0x0000000040202790                sdk_system_restoreclock
 *fill*         0x00000000402027c3        0x1 
 .text.sdk_system_station_got_ip_set
                0x00000000402027c4       0x8d ./build/open_esplibs_libmain.a(user_interface.o)
                                         0xa9 (size before relaxing)
                0x00000000402027cc                sdk_system_station_got_ip_set
 *fill*         0x0000000040202851        0x3 
 .text.sdk_wifi_station_get_connect_status
                0x0000000040202854       0x21 ./build/open_esplibs_libmain.a(user_interface.o)
                                         0x2d (size before relaxing)
                0x0000000040202854                sdk_wifi_station_get_connect_status
 *fill*         0x0000000040202875        0x3 
 .text.sdk_wifi_get_macaddr
                0x0000000040202878       0x67 ./build/open_esplibs_libmain.a(user_interface.o)
                                         0x73 (size before relaxing)
                0x0000000040202880                sdk_wifi_get_macaddr
 *fill*         0x00000000402028df        0x1 
 .text.sdk_ieee80211_hostap_attach
                0x00000000402028e0      0x19d ./build/open_esplibs_libnet80211.a(ieee80211_hostap.o)
                                        0x1fd (size before relaxing)
                0x0000000040202904                sdk_ieee80211_hostap_attach
 *fill*         0x0000000040202a7d        0x3 
 .text.sdk_wifi_softap_start
                0x0000000040202a80      0x15a ./build/open_esplibs_libnet80211.a(ieee80211_hostap.o)
                                        0x196 (size before relaxing)
                0x0000000040202aa4                sdk_wifi_softap_start
 *fill*         0x0000000040202bda        0x2 
 .text.sdk_wifi_softap_stop
                0x0000000040202bdc      0x139 ./build/open_esplibs_libnet80211.a(ieee80211_hostap.o)
                                        0x1a5 (size before relaxing)
                0x0000000040202be0                sdk_wifi_softap_stop
 *fill*         0x0000000040202d15        0x3 
 .text.sdk_sta_status_set
                0x0000000040202d18       0x42 ./build/open_esplibs_libnet80211.a(ieee80211_sta.o)
                                         0x46 (size before relaxing)
                0x0000000040202d18                sdk_sta_status_set
 *fill*         0x0000000040202d5a        0x2 
 .text.sdk_wifi_station_start
                0x0000000040202d5c       0x9d ./build/open_esplibs_libnet80211.a(ieee80211_sta.o)
                                         0xc5 (size before relaxing)
                0x0000000040202d6c                sdk_wifi_station_start
 *fill*         0x0000000040202df9        0x3 
 .text.sdk_wifi_station_stop
                0x0000000040202dfc       0x4b ./build/open_esplibs_libnet80211.a(ieee80211_sta.o)
                                         0x5b (size before relaxing)
                0x0000000040202dfc                sdk_wifi_station_stop
 *fill*         0x0000000040202e47        0x1 
 .text.dhcp_if_down
                0x0000000040202e48       0x1d ./build/open_esplibs_libnet80211.a(wl_cnx.o)
                                         0x29 (size before relaxing)
                0x0000000040202e48                dhcp_if_down
 *fill*         0x0000000040202e65        0x3 
 .text.sdk_cnx_rc_search
                0x0000000040202e68       0x62 ./build/open_esplibs_libnet80211.a(wl_cnx.o)
                                         0x66 (size before relaxing)
                0x0000000040202e6c                sdk_cnx_rc_search
 *fill*         0x0000000040202eca        0x2 
 .text.sdk_cnx_add_rc
                0x0000000040202ecc       0x7c ./build/open_esplibs_libnet80211.a(wl_cnx.o)
                                         0x80 (size before relaxing)
                0x0000000040202ecc                sdk_cnx_add_rc
 .text.sdk_cnx_remove_rc
                0x0000000040202f48       0x9b ./build/open_esplibs_libnet80211.a(wl_cnx.o)
                                         0x9f (size before relaxing)
                0x0000000040202f4c                sdk_cnx_remove_rc
 *fill*         0x0000000040202fe3        0x1 
 .text.sdk_cnx_node_remove
                0x0000000040202fe4       0x7c ./build/open_esplibs_libnet80211.a(wl_cnx.o)
                                         0x98 (size before relaxing)
                0x0000000040202fe4                sdk_cnx_node_remove
 .text.sdk_cnx_node_search
                0x0000000040203060       0x5a ./build/open_esplibs_libnet80211.a(wl_cnx.o)
                                         0x62 (size before relaxing)
                0x0000000040203060                sdk_cnx_node_search
 *fill*         0x00000000402030ba        0x2 
 .text.sdk_wpa_config_assoc_ie
                0x00000000402030bc       0x17 ./build/open_esplibs_libwpa.a(wpa_main.o)
                                         0x1b (size before relaxing)
                0x00000000402030bc                sdk_wpa_config_assoc_ie
 *fill*         0x00000000402030d3        0x1 
 .text.sdk_dhcp_bind_check
                0x00000000402030d4       0x22 ./build/open_esplibs_libwpa.a(wpa_main.o)
                                         0x26 (size before relaxing)
                0x00000000402030d4                sdk_dhcp_bind_check
 *fill*         0x00000000402030f6        0x2 
 .text.wpa_callback2
                0x00000000402030f8       0x33 ./build/open_esplibs_libwpa.a(wpa_main.o)
                                         0x47 (size before relaxing)
 *fill*         0x000000004020312b        0x1 
 .text.wpa_callback1
                0x000000004020312c       0x1b ./build/open_esplibs_libwpa.a(wpa_main.o)
                                         0x23 (size before relaxing)
 *fill*         0x0000000040203147        0x1 
 .text.sdk_wpa_config_profile
                0x0000000040203148       0x49 ./build/open_esplibs_libwpa.a(wpa_main.o)
                                         0x58 (size before relaxing)
                0x0000000040203148                sdk_wpa_config_profile
 *fill*         0x0000000040203191        0x3 
 .text.sdk_wpa_config_bss
                0x0000000040203194       0x2f ./build/open_esplibs_libwpa.a(wpa_main.o)
                                         0x37 (size before relaxing)
                0x0000000040203194                sdk_wpa_config_bss
 *fill*         0x00000000402031c3        0x1 
 .text.sdk_eagle_auth_done
                0x00000000402031c4       0xff ./build/open_esplibs_libwpa.a(wpa_main.o)
                                        0x163 (size before relaxing)
                0x00000000402031e8                sdk_eagle_auth_done
 *fill*         0x00000000402032c3        0x1 
 .text.sdk_wpa_neg_complete
                0x00000000402032c4        0xf ./build/open_esplibs_libwpa.a(wpa_main.o)
                                         0x17 (size before relaxing)
                0x00000000402032c4                sdk_wpa_neg_complete
 *fill*         0x00000000402032d3        0x1 
 .text.sdk_wpa_attach
                0x00000000402032d4       0x4f ./build/open_esplibs_libwpa.a(wpa_main.o)
                                         0x5f (size before relaxing)
                0x00000000402032ec                sdk_wpa_attach
 *fill*         0x0000000040203323        0x1 
 .text.prvResetNextTaskUnblockTime
                0x0000000040203324       0x39 ./build/freertos.a(tasks.o)
 *fill*         0x000000004020335d        0x3 
 .text.prvAddCurrentTaskToDelayedList
                0x0000000040203360       0xa4 ./build/freertos.a(tasks.o)
                                         0xc4 (size before relaxing)
 .text.prvIdleTask
                0x0000000040203404       0x97 ./build/freertos.a(tasks.o)
                                         0xb3 (size before relaxing)
 *fill*         0x000000004020349b        0x1 
 .text.xTaskCreate
                0x000000004020349c      0x23b ./build/freertos.a(tasks.o)
                                        0x2bf (size before relaxing)
                0x00000000402034c4                xTaskCreate
 *fill*         0x00000000402036d7        0x1 
 .text.vTaskDelete
                0x00000000402036d8       0xd1 ./build/freertos.a(tasks.o)
                                        0x121 (size before relaxing)
                0x00000000402036e0                vTaskDelete
 *fill*         0x00000000402037a9        0x3 
 .text.vTaskStartScheduler
                0x00000000402037ac       0xa4 ./build/freertos.a(tasks.o)
                                         0xd7 (size before relaxing)
                0x00000000402037c8                vTaskStartScheduler
 *fill*         0x0000000040203850        0x0 
 .text.vTaskSuspendAll
                0x0000000040203850       0x11 ./build/freertos.a(tasks.o)
                                         0x15 (size before relaxing)
                0x0000000040203850                vTaskSuspendAll
 *fill*         0x0000000040203861        0x3 
 .text.xTaskGetTickCount
                0x0000000040203864       0x27 ./build/freertos.a(tasks.o)
                                         0x33 (size before relaxing)
                0x0000000040203864                xTaskGetTickCount
 *fill*         0x000000004020388b        0x1 
 .text.xTaskIncrementTick
                0x000000004020388c      0x194 ./build/freertos.a(tasks.o)
                                        0x1cc (size before relaxing)
                0x000000004020389c                xTaskIncrementTick
 .text.xTaskResumeAll
                0x0000000040203a20      0x105 ./build/freertos.a(tasks.o)
                                        0x15d (size before relaxing)
                0x0000000040203a24                xTaskResumeAll
 *fill*         0x0000000040203b25        0x3 
 .text.vTaskDelay
                0x0000000040203b28       0x50 ./build/freertos.a(tasks.o)
                                         0x74 (size before relaxing)
                0x0000000040203b28                vTaskDelay
 .text.vTaskSwitchContext
                0x0000000040203b78       0xea ./build/freertos.a(tasks.o)
                                        0x10a (size before relaxing)
                0x0000000040203b84                vTaskSwitchContext
 *fill*         0x0000000040203c62        0x2 
 .text.vTaskPlaceOnEventList
                0x0000000040203c64       0x41 ./build/freertos.a(tasks.o)
                                         0x5d (size before relaxing)
                0x0000000040203c68                vTaskPlaceOnEventList
 *fill*         0x0000000040203ca5        0x3 
 .text.vTaskPlaceOnEventListRestricted
                0x0000000040203ca8       0x4a ./build/freertos.a(tasks.o)
                                         0x66 (size before relaxing)
                0x0000000040203cac                vTaskPlaceOnEventListRestricted
 *fill*         0x0000000040203cf2        0x2 
 .text.xTaskRemoveFromEventList
                0x0000000040203cf4       0x87 ./build/freertos.a(tasks.o)
                                         0xcb (size before relaxing)
                0x0000000040203cf8                xTaskRemoveFromEventList
 *fill*         0x0000000040203d7b        0x1 
 .text.vTaskInternalSetTimeOutState
                0x0000000040203d7c       0x16 ./build/freertos.a(tasks.o)
                                         0x1e (size before relaxing)
                0x0000000040203d7c                vTaskInternalSetTimeOutState
 *fill*         0x0000000040203d92        0x2 
 .text.xTaskCheckForTimeOut
                0x0000000040203d94       0x91 ./build/freertos.a(tasks.o)
                                         0xb1 (size before relaxing)
                0x0000000040203d9c                xTaskCheckForTimeOut
 *fill*         0x0000000040203e25        0x3 
 .text.vTaskMissedYield
                0x0000000040203e28        0xc ./build/freertos.a(tasks.o)
                                         0x10 (size before relaxing)
                0x0000000040203e28                vTaskMissedYield
 .text.uxTaskGetStackHighWaterMark
                0x0000000040203e34       0x2c ./build/freertos.a(tasks.o)
                                         0x30 (size before relaxing)
                0x0000000040203e34                uxTaskGetStackHighWaterMark
 .text.xTaskGetSchedulerState
                0x0000000040203e60       0x1e ./build/freertos.a(tasks.o)
                                         0x26 (size before relaxing)
                0x0000000040203e60                xTaskGetSchedulerState
 *fill*         0x0000000040203e7e        0x2 
 .text.xTaskPriorityInherit
                0x0000000040203e80       0xad ./build/freertos.a(tasks.o)
                                         0xc5 (size before relaxing)
                0x0000000040203e80                xTaskPriorityInherit
 *fill*         0x0000000040203f2d        0x3 
 .text.xTaskPriorityDisinherit
                0x0000000040203f30       0x92 ./build/freertos.a(tasks.o)
                                         0xbe (size before relaxing)
                0x0000000040203f38                xTaskPriorityDisinherit
 *fill*         0x0000000040203fc2        0x2 
 .text.vTaskPriorityDisinheritAfterTimeout
                0x0000000040203fc4       0xb3 ./build/freertos.a(tasks.o)
                                         0xd3 (size before relaxing)
                0x0000000040203fcc                vTaskPriorityDisinheritAfterTimeout
 *fill*         0x0000000040204077        0x1 
 .text.pvTaskIncrementMutexHeldCount
                0x0000000040204078       0x1f ./build/freertos.a(tasks.o)
                                         0x23 (size before relaxing)
                0x0000000040204078                pvTaskIncrementMutexHeldCount
 *fill*         0x0000000040204097        0x1 
 .text.xTaskNotifyWait
                0x0000000040204098       0xdf ./build/freertos.a(tasks.o)
                                         0xff (size before relaxing)
                0x0000000040204098                xTaskNotifyWait
 *fill*         0x0000000040204177        0x1 
 .text.xTaskGenericNotifyFromISR
                0x0000000040204178      0x139 ./build/freertos.a(tasks.o)
                                        0x17d (size before relaxing)
                0x0000000040204184                xTaskGenericNotifyFromISR
 *fill*         0x00000000402042b1        0x3 
 .text.prvCheckForValidListAndQueue
                0x00000000402042b4       0x69 ./build/freertos.a(timers.o)
                                         0x89 (size before relaxing)
 *fill*         0x000000004020431d        0x3 
 .text.prvInsertTimerInActiveList
                0x0000000040204320       0x45 ./build/freertos.a(timers.o)
                                         0x59 (size before relaxing)
 *fill*         0x0000000040204365        0x3 
 .text.xTimerCreateTimerTask
                0x0000000040204368       0x49 ./build/freertos.a(timers.o)
                                         0x61 (size before relaxing)
                0x0000000040204378                xTimerCreateTimerTask
 *fill*         0x00000000402043b1        0x3 
 .text.xTimerCreate
                0x00000000402043b4       0x59 ./build/freertos.a(timers.o)
                                         0x75 (size before relaxing)
                0x00000000402043b4                xTimerCreate
 *fill*         0x000000004020440d        0x3 
 .text.xTimerGenericCommand
                0x0000000040204410       0x7f ./build/freertos.a(timers.o)
                                         0x9f (size before relaxing)
                0x0000000040204410                xTimerGenericCommand
 *fill*         0x000000004020448f        0x1 
 .text.prvSwitchTimerLists
                0x0000000040204490       0x80 ./build/freertos.a(timers.o)
                                         0xa6 (size before relaxing)
 *fill*         0x0000000040204510        0x0 
 .text.prvTimerTask
                0x0000000040204510      0x1bb ./build/freertos.a(timers.o)
                                        0x253 (size before relaxing)
 *fill*         0x00000000402046cb        0x1 
 .text.pvTimerGetTimerID
                0x00000000402046cc       0x2d ./build/freertos.a(timers.o)
                                         0x41 (size before relaxing)
                0x00000000402046cc                pvTimerGetTimerID
 *fill*         0x00000000402046f9        0x3 
 .text.vAssertCalled
                0x00000000402046fc       0x22 ./build/freertos.a(port.o)
                                         0x26 (size before relaxing)
                0x0000000040204704                vAssertCalled
 *fill*         0x000000004020471e        0x2 
 .text.pxPortInitialiseStack
                0x0000000040204720       0x37 ./build/freertos.a(port.o)
                0x0000000040204724                pxPortInitialiseStack
 *fill*         0x0000000040204757        0x1 
 .text.xPortSysTickHandle
                0x0000000040204758       0x14 ./build/freertos.a(port.o)
                                         0x23 (size before relaxing)
                0x0000000040204758                xPortSysTickHandle
 *fill*         0x000000004020476c        0x0 
 .text.xPortStartScheduler
                0x000000004020476c       0x7e ./build/freertos.a(port.o)
                                         0x8e (size before relaxing)
                0x0000000040204780                xPortStartScheduler
 *fill*         0x00000000402047ea        0x2 
 .text.xPortGetFreeHeapSize
                0x00000000402047ec       0x28 ./build/freertos.a(port.o)
                                         0x38 (size before relaxing)
                0x00000000402047ec                xPortGetFreeHeapSize
 .text.xTaskGenericCreate
                0x0000000040204814       0x15 ./build/freertos.a(port.o)
                                         0x19 (size before relaxing)
                0x0000000040204814                xTaskGenericCreate
 *fill*         0x0000000040204829        0x3 
 .text.xQueueGenericReceive
                0x000000004020482c       0x1e ./build/freertos.a(port.o)
                                         0x2d (size before relaxing)
                0x0000000040204830                xQueueGenericReceive
 *fill*         0x000000004020484a        0x2 
 .text.prvCopyDataToQueue
                0x000000004020484c       0xa7 ./build/freertos.a(queue.o)
                                         0xb3 (size before relaxing)
 *fill*         0x00000000402048f3        0x1 
 .text.prvCopyDataFromQueue
                0x00000000402048f4       0x2b ./build/freertos.a(queue.o)
                                         0x2f (size before relaxing)
 *fill*         0x000000004020491f        0x1 
 .text.prvUnlockQueue
                0x0000000040204920       0xc4 ./build/freertos.a(queue.o)
                                         0xec (size before relaxing)
 .text.xQueueGenericReset
                0x00000000402049e4       0x8d ./build/freertos.a(queue.o)
                                         0xb5 (size before relaxing)
                0x00000000402049e8                xQueueGenericReset
 *fill*         0x0000000040204a71        0x3 
 .text.xQueueGenericCreate
                0x0000000040204a74       0x6c ./build/freertos.a(queue.o)
                                         0x80 (size before relaxing)
                0x0000000040204a74                xQueueGenericCreate
 .text.xQueueGenericSend
                0x0000000040204ae0      0x183 ./build/freertos.a(queue.o)
                                        0x21f (size before relaxing)
                0x0000000040204ae0                xQueueGenericSend
 *fill*         0x0000000040204c63        0x1 
 .text.xQueueCreateMutex
                0x0000000040204c64       0x31 ./build/freertos.a(queue.o)
                                         0x3d (size before relaxing)
                0x0000000040204c64                xQueueCreateMutex
 *fill*         0x0000000040204c95        0x3 
 .text.xQueueGenericSendFromISR
                0x0000000040204c98       0xbf ./build/freertos.a(queue.o)
                                         0xf3 (size before relaxing)
                0x0000000040204c98                xQueueGenericSendFromISR
 *fill*         0x0000000040204d57        0x1 
 .text.xQueueReceive
                0x0000000040204d58      0x179 ./build/freertos.a(queue.o)
                                        0x215 (size before relaxing)
                0x0000000040204d58                xQueueReceive
 *fill*         0x0000000040204ed1        0x3 
 .text.xQueueSemaphoreTake
                0x0000000040204ed4      0x1d0 ./build/freertos.a(queue.o)
                                        0x288 (size before relaxing)
                0x0000000040204ed4                xQueueSemaphoreTake
 .text.uxQueueMessagesWaiting
                0x00000000402050a4       0x30 ./build/freertos.a(queue.o)
                                         0x44 (size before relaxing)
                0x00000000402050a4                uxQueueMessagesWaiting
 .text.uxQueueMessagesWaitingFromISR
                0x00000000402050d4       0x26 ./build/freertos.a(queue.o)
                                         0x2e (size before relaxing)
                0x00000000402050d4                uxQueueMessagesWaitingFromISR
 *fill*         0x00000000402050fa        0x2 
 .text.vQueueDelete
                0x00000000402050fc       0x29 ./build/freertos.a(queue.o)
                                         0x35 (size before relaxing)
                0x00000000402050fc                vQueueDelete
 *fill*         0x0000000040205125        0x3 
 .text.vQueueWaitForMessageRestricted
                0x0000000040205128       0x6f ./build/freertos.a(queue.o)
                                         0x7f (size before relaxing)
                0x0000000040205128                vQueueWaitForMessageRestricted
 *fill*         0x0000000040205197        0x1 
 .text.low_level_output
                0x0000000040205198       0x5e ./build/lwip.a(esp_interface.o)
                                         0x7a (size before relaxing)
 *fill*         0x00000000402051f6        0x2 
 .text.pp_recycle_rx_pbuf
                0x00000000402051f8       0x38 ./build/lwip.a(esp_interface.o)
                                         0x44 (size before relaxing)
                0x00000000402051fc                pp_recycle_rx_pbuf
 .text.ooseq_bytes_limit
                0x0000000040205230        0x9 ./build/lwip.a(esp_interface.o)
                0x0000000040205234                ooseq_bytes_limit
 *fill*         0x0000000040205239        0x3 
 .text.ooseq_pbufs_limit
                0x000000004020523c       0x41 ./build/lwip.a(esp_interface.o)
                                         0x49 (size before relaxing)
                0x000000004020523c                ooseq_pbufs_limit
 *fill*         0x000000004020527d        0x3 
 .text.ethernetif_input
                0x0000000040205280       0x87 ./build/lwip.a(esp_interface.o)
                                         0x9e (size before relaxing)
                0x000000004020528c                ethernetif_input
 *fill*         0x0000000040205307        0x1 
 .text.sdk_pbuf_alloc
                0x0000000040205308       0x33 ./build/lwip.a(esp_interface.o)
                                         0x3b (size before relaxing)
                0x0000000040205308                sdk_pbuf_alloc
 *fill*         0x000000004020533b        0x1 
 .text.ethernetif_init
                0x000000004020533c       0x34 ./build/lwip.a(esp_interface.o)
                0x0000000040205344                ethernetif_init
 .text.tcpip_thread
                0x0000000040205370       0x8f ./build/lwip.a(tcpip.o)
                                         0xbb (size before relaxing)
 *fill*         0x00000000402053ff        0x1 
 .text.tcpip_inpkt
                0x0000000040205400       0x5b ./build/lwip.a(tcpip.o)
                                         0x77 (size before relaxing)
                0x0000000040205400                tcpip_inpkt
 *fill*         0x000000004020545b        0x1 
 .text.tcpip_input
                0x000000004020545c       0x34 ./build/lwip.a(tcpip.o)
                                         0x43 (size before relaxing)
                0x0000000040205464                tcpip_input
 *fill*         0x0000000040205490        0x0 
 .text.tcpip_try_callback
                0x0000000040205490       0x4e ./build/lwip.a(tcpip.o)
                                         0x6a (size before relaxing)
                0x0000000040205490                tcpip_try_callback
 *fill*         0x00000000402054de        0x2 
 .text.tcpip_send_msg_wait_sem
                0x00000000402054e0       0x30 ./build/lwip.a(tcpip.o)
                                         0x44 (size before relaxing)
                0x00000000402054e0                tcpip_send_msg_wait_sem
 .text.tcpip_init
                0x0000000040205510       0x4c ./build/lwip.a(tcpip.o)
                                         0x78 (size before relaxing)
                0x0000000040205518                tcpip_init
 .text.lwip_htonl
                0x000000004020555c       0x2b ./build/lwip.a(def.o)
                0x0000000040205564                lwip_htonl
 *fill*         0x0000000040205587        0x1 
 .text.lwip_init
                0x0000000040205588       0x27 ./build/lwip.a(init.o)
                                         0x67 (size before relaxing)
                0x0000000040205588                lwip_init
 *fill*         0x00000000402055af        0x1 
 .text.mem_malloc
                0x00000000402055b0       0x25 ./build/lwip.a(mem.o)
                                         0x35 (size before relaxing)
                0x00000000402055b0                mem_malloc
 *fill*         0x00000000402055d5        0x3 
 .text.mem_free
                0x00000000402055d8       0x13 ./build/lwip.a(mem.o)
                                         0x17 (size before relaxing)
                0x00000000402055d8                mem_free
 *fill*         0x00000000402055eb        0x1 
 .text.do_memp_malloc_pool
                0x00000000402055ec       0x29 ./build/lwip.a(memp.o)
                                         0x3d (size before relaxing)
 *fill*         0x0000000040205615        0x3 
 .text.memp_malloc
                0x0000000040205618       0x1b ./build/lwip.a(memp.o)
                                         0x23 (size before relaxing)
                0x000000004020561c                memp_malloc
 *fill*         0x0000000040205633        0x1 
 .text.memp_free
                0x0000000040205634       0x21 ./build/lwip.a(memp.o)
                                         0x35 (size before relaxing)
                0x0000000040205634                memp_free
 *fill*         0x0000000040205655        0x3 
 .text.netif_issue_reports$part$0
                0x0000000040205658       0x29 ./build/lwip.a(netif.o)
                                         0x39 (size before relaxing)
 *fill*         0x0000000040205681        0x3 
 .text.netif_set_ipaddr
                0x0000000040205684       0x59 ./build/lwip.a(netif.o)
                                         0x6d (size before relaxing)
                0x0000000040205688                netif_set_ipaddr
 *fill*         0x00000000402056dd        0x3 
 .text.netif_set_addr
                0x00000000402056e0       0xb6 ./build/lwip.a(netif.o)
                                         0xc6 (size before relaxing)
                0x00000000402056e0                netif_set_addr
 *fill*         0x0000000040205796        0x2 
 .text.netif_add
                0x0000000040205798       0xef ./build/lwip.a(netif.o)
                                         0xff (size before relaxing)
                0x00000000402057a0                netif_add
 *fill*         0x0000000040205887        0x1 
 .text.netif_set_default
                0x0000000040205888        0xb ./build/lwip.a(netif.o)
                0x000000004020588c                netif_set_default
 *fill*         0x0000000040205893        0x1 
 .text.netif_set_up
                0x0000000040205894       0x27 ./build/lwip.a(netif.o)
                                         0x2b (size before relaxing)
                0x0000000040205894                netif_set_up
 *fill*         0x00000000402058bb        0x1 
 .text.netif_set_down
                0x00000000402058bc       0x20 ./build/lwip.a(netif.o)
                                         0x27 (size before relaxing)
                0x00000000402058bc                netif_set_down
 *fill*         0x00000000402058dc        0x0 
 .text.netif_get_by_index
                0x00000000402058dc       0x30 ./build/lwip.a(netif.o)
                                         0x34 (size before relaxing)
                0x00000000402058dc                netif_get_by_index
 .text.pbuf_free_ooseq_callback
                0x000000004020590c       0x40 ./build/lwip.a(pbuf.o)
                                         0x54 (size before relaxing)
 .text.pbuf_add_header_impl
                0x000000004020594c       0x5a ./build/lwip.a(pbuf.o)
 *fill*         0x00000000402059a6        0x2 
 .text.pbuf_alloc_reference
                0x00000000402059a8       0x45 ./build/lwip.a(pbuf.o)
                                         0x49 (size before relaxing)
                0x00000000402059a8                pbuf_alloc_reference
 *fill*         0x00000000402059ed        0x3 
 .text.pbuf_add_header
                0x00000000402059f0       0x14 ./build/lwip.a(pbuf.o)
                                         0x18 (size before relaxing)
                0x00000000402059f0                pbuf_add_header
 .text.pbuf_remove_header
                0x0000000040205a04       0x29 ./build/lwip.a(pbuf.o)
                                         0x2d (size before relaxing)
                0x0000000040205a04                pbuf_remove_header
 *fill*         0x0000000040205a2d        0x3 
 .text.pbuf_header_force
                0x0000000040205a30       0x27 ./build/lwip.a(pbuf.o)
                                         0x33 (size before relaxing)
                0x0000000040205a30                pbuf_header_force
 *fill*         0x0000000040205a57        0x1 
 .text.pbuf_free